File size: 22152
UPDATED
